[dotenv@17.3.1] injecting env (13) from .env -- tip: ÔÜÖ´©Å  override existing env vars with { override: true }
Testing Gemini API with key: FOUND
Using model: gemini-flash-latest
Calling generateContent...
node : AI Error Details:
At line:1 char:1
+ node test_ai_direct.js > 
test_output.txt 2>&1
+ ~~~~~~~~~~~~~~~~~~~~~~~~~~~~~~~~~~~~~~~~
~~~~~
    + CategoryInfo          : NotSpecifie 
   d: (AI Error Details::String) [], Rem  
  oteException
    + FullyQualifiedErrorId : NativeComma 
   ndError
 
Message: [GoogleGenerativeAI Error]: 
Error fetching from https://generativelang
uage.googleapis.com/v1beta/models/gemini-f
lash-latest:generateContent: [429 Too 
Many Requests] You exceeded your current 
quota, please check your plan and billing 
details. For more information on this 
error, head to: https://ai.google.dev/gemi
ni-api/docs/rate-limits. To monitor your 
current usage, head to: 
https://ai.dev/rate-limit. 
* Quota exceeded for metric: generativelan
guage.googleapis.com/generate_content_free
_tier_requests, limit: 20, model: 
gemini-3-flash
Please retry in 52.758141549s. [{"@type":"
type.googleapis.com/google.rpc.Help","link
s":[{"description":"Learn more about 
Gemini API quotas","url":"https://ai.googl
e.dev/gemini-api/docs/rate-limits"}]},{"@t
ype":"type.googleapis.com/google.rpc.Quota
Failure","violations":[{"quotaMetric":"gen
erativelanguage.googleapis.com/generate_co
ntent_free_tier_requests","quotaId":"Gener
ateRequestsPerDayPerProjectPerModel-FreeTi
er","quotaDimensions":{"location":"global"
,"model":"gemini-3-flash"},"quotaValue":"2
0"}]},{"@type":"type.googleapis.com/google
.rpc.RetryInfo","retryDelay":"52s"}]
Stack: Error: [GoogleGenerativeAI Error]: 
Error fetching from https://generativelang
uage.googleapis.com/v1beta/models/gemini-f
lash-latest:generateContent: [429 Too 
Many Requests] You exceeded your current 
quota, please check your plan and billing 
details. For more information on this 
error, head to: https://ai.google.dev/gemi
ni-api/docs/rate-limits. To monitor your 
current usage, head to: 
https://ai.dev/rate-limit. 
* Quota exceeded for metric: generativelan
guage.googleapis.com/generate_content_free
_tier_requests, limit: 20, model: 
gemini-3-flash
Please retry in 52.758141549s. [{"@type":"
type.googleapis.com/google.rpc.Help","link
s":[{"description":"Learn more about 
Gemini API quotas","url":"https://ai.googl
e.dev/gemini-api/docs/rate-limits"}]},{"@t
ype":"type.googleapis.com/google.rpc.Quota
Failure","violations":[{"quotaMetric":"gen
erativelanguage.googleapis.com/generate_co
ntent_free_tier_requests","quotaId":"Gener
ateRequestsPerDayPerProjectPerModel-FreeTi
er","quotaDimensions":{"location":"global"
,"model":"gemini-3-flash"},"quotaValue":"2
0"}]},{"@type":"type.googleapis.com/google
.rpc.RetryInfo","retryDelay":"52s"}]
    at handleResponseNotOk 
(C:\Users\user\OneDrive - London 
Metropolitan 
University\FinalYearProject\23049324 Puja 
Chaudhary\ProjectDevelopment\jobsphere\bac
kend\node_modules\@google\generative-ai\di
st\index.js:434:11)
    at process.processTicksAndRejections 
(node:internal/process/task_queues:103:5)
    at async makeRequest 
(C:\Users\user\OneDrive - London 
Metropolitan 
University\FinalYearProject\23049324 Puja 
Chaudhary\ProjectDevelopment\jobsphere\bac
kend\node_modules\@google\generative-ai\di
st\index.js:403:9)
    at async generateContent 
(C:\Users\user\OneDrive - London 
Metropolitan 
University\FinalYearProject\23049324 Puja 
Chaudhary\ProjectDevelopment\jobsphere\bac
kend\node_modules\@google\generative-ai\di
st\index.js:867:22)
    at async testAI 
(C:\Users\user\OneDrive - London 
Metropolitan 
University\FinalYearProject\23049324 Puja 
Chaudhary\ProjectDevelopment\jobsphere\bac
kend\test_ai_direct.js:15:20)
